============================= test session starts ==============================
platform linux -- Python 3.12.3, pytest-9.0.3, pluggy-1.6.0 -- /usr/bin/python
cachedir: .pytest_cache
rootdir: /home/user/elyon
plugins: anyio-4.13.0
collecting ... collected 54 items

TESTS/adversarial/test_request_schema.py::test_schema_rejects[top_level_missing_interaction] PASSED [  1%]
TESTS/adversarial/test_request_schema.py::test_schema_rejects[top_level_missing_target_url] PASSED [  3%]
TESTS/adversarial/test_request_schema.py::test_schema_rejects[top_level_interaction_wrong_type] PASSED [  5%]
TESTS/adversarial/test_request_schema.py::test_schema_rejects[bad_url_relative] PASSED [  7%]
TESTS/adversarial/test_request_schema.py::test_schema_rejects[bad_url_no_scheme] PASSED [  9%]
TESTS/adversarial/test_request_schema.py::test_schema_rejects[bad_url_empty_string] PASSED [ 11%]
TESTS/adversarial/test_request_schema.py::test_schema_rejects[flat_keys_archived_proof_001_shape] PASSED [ 12%]
TESTS/adversarial/test_request_schema.py::test_schema_rejects[flat_keys_ap_at_top_level_with_interaction_present] PASSED [ 14%]
TESTS/adversarial/test_request_schema.py::test_schema_rejects[flat_keys_op_at_top_level_with_interaction_present] PASSED [ 16%]
TESTS/adversarial/test_request_schema.py::test_schema_rejects[manifest_pinning_version_missing] PASSED [ 18%]
TESTS/adversarial/test_request_schema.py::test_schema_rejects[manifest_pinning_sha256_missing] PASSED [ 20%]
TESTS/adversarial/test_request_schema.py::test_schema_rejects[manifest_pinning_both_missing] PASSED [ 22%]
TESTS/adversarial/test_request_schema.py::test_schema_rejects[type_mismatch_ap_string] PASSED [ 24%]
TESTS/adversarial/test_request_schema.py::test_schema_rejects[type_mismatch_ap_dict] PASSED [ 25%]
TESTS/adversarial/test_request_schema.py::test_schema_rejects[type_mismatch_ap_mixed_types] PASSED [ 27%]
TESTS/adversarial/test_request_schema.py::test_schema_rejects[type_mismatch_op_string] PASSED [ 29%]
TESTS/adversarial/test_request_schema.py::test_schema_rejects[type_mismatch_context_string] PASSED [ 31%]
TESTS/adversarial/test_request_schema.py::test_schema_rejects[type_mismatch_version_number] PASSED [ 33%]
TESTS/adversarial/test_request_schema.py::test_schema_rejects[type_mismatch_sha256_wrong_length] PASSED [ 35%]
TESTS/adversarial/test_request_schema.py::test_schema_rejects[type_mismatch_sha256_uppercase] PASSED [ 37%]
TESTS/adversarial/test_request_schema.py::test_schema_rejects[reserved_ccs_legacy_ccs_valid_at_top_level] PASSED [ 38%]
TESTS/adversarial/test_request_schema.py::test_schema_rejects[reserved_ccs_inside_interaction] PASSED [ 40%]
TESTS/adversarial/test_request_schema.py::test_schema_rejects[reserved_ccs_continuity_token] PASSED [ 42%]
TESTS/adversarial/test_request_schema.py::test_schema_rejects[reserved_ccs_prior_state_hash] PASSED [ 44%]
TESTS/adversarial/test_request_schema.py::test_schema_rejects[reserved_ccs_case_insensitive] PASSED [ 46%]
TESTS/adversarial/test_request_schema.py::test_schema_rejects_parse_error PASSED [ 48%]
TESTS/adversarial/test_request_schema.py::test_schema_accepts_valid_request PASSED [ 50%]
TESTS/test_adversarial_evaluator.py::test_adversarial_evaluator_cases[ap_missing_key] PASSED [ 51%]
TESTS/test_adversarial_evaluator.py::test_adversarial_evaluator_cases[op_missing_key] PASSED [ 53%]
TESTS/test_adversarial_evaluator.py::test_adversarial_evaluator_cases[ap_null] PASSED [ 55%]
TESTS/test_adversarial_evaluator.py::test_adversarial_evaluator_cases[ap_wrong_type_string] PASSED [ 57%]
TESTS/test_adversarial_evaluator.py::test_adversarial_evaluator_cases[ap_wrong_type_int] PASSED [ 59%]
TESTS/test_adversarial_evaluator.py::test_adversarial_evaluator_cases[ap_wrong_type_dict] PASSED [ 61%]
TESTS/test_adversarial_evaluator.py::test_adversarial_evaluator_cases[ap_nested_unhashable] PASSED [ 62%]
TESTS/test_adversarial_evaluator.py::test_adversarial_evaluator_cases[op_wrong_type_string] PASSED [ 64%]
TESTS/test_adversarial_evaluator.py::test_adversarial_evaluator_cases[ap_empty_set] PASSED [ 66%]
TESTS/test_adversarial_evaluator.py::test_adversarial_evaluator_cases[op_empty_set] PASSED [ 68%]
TESTS/test_adversarial_evaluator.py::test_adversarial_evaluator_cases[ap_partial_authority] PASSED [ 70%]
TESTS/test_adversarial_evaluator.py::test_adversarial_evaluator_cases[op_partial_coverage] PASSED [ 72%]
TESTS/test_adversarial_evaluator.py::test_adversarial_evaluator_cases[ap_lookalike_unicode] PASSED [ 74%]
TESTS/test_adversarial_evaluator.py::test_adversarial_evaluator_cases[ap_case_mismatch] PASSED [ 75%]
TESTS/test_adversarial_evaluator.py::test_adversarial_evaluator_cases[ap_whitespace_padding] PASSED [ 77%]
TESTS/test_adversarial_evaluator.py::test_adversarial_evaluator_cases[ap_duplicate_collapse] PASSED [ 79%]
TESTS/test_adversarial_evaluator.py::test_adversarial_evaluator_cases[ap_superset_extra_authority] PASSED [ 81%]
TESTS/test_adversarial_evaluator.py::test_adversarial_evaluator_cases[manifest_sha256_missing] PASSED [ 83%]
TESTS/test_adversarial_evaluator.py::test_adversarial_evaluator_cases[manifest_version_drift] PASSED [ 85%]
TESTS/test_adversarial_evaluator.py::test_adversarial_evaluator_cases[manifest_version_missing_in_ctx] PASSED [ 87%]
TESTS/test_adversarial_evaluator.py::test_adversarial_evaluator_cases[manifest_version_type_mismatch] PASSED [ 88%]
TESTS/test_adversarial_evaluator.py::test_adversarial_evaluator_cases[manifest_version_whitespace] PASSED [ 90%]
TESTS/test_adversarial_evaluator.py::test_adversarial_evaluator_cases[empty_context] PASSED [ 92%]
TESTS/test_pep.py::test_governed_call_refuse_blocks_upstream PASSED      [ 94%]
TESTS/test_pep.py::test_governed_call_eligible_forwards_once PASSED      [ 96%]
TESTS/test_pep.py::test_governed_call_upstream_error_fails_closed PASSED [ 98%]
TESTS/test_pep.py::test_governed_call_manifest_version_drift_refuses PASSED [100%]

============================== 54 passed in 0.52s ==============================
