==========================================================================
G5 SIGNED cross-host transport demonstration (VL-048)
==========================================================================
Pinned anchor (sha256 of EVIDENCE/published_hashes.json): 6abf9a1181121f963eb91e18df560499990396d540c00115ffcfd7bc8907daeb
Gate evaluator sha256   : cf311cb7fc99f170c4814eebeee63262946ac6b71099635986257887746e512b
TARGET local evaluator  : 480c73865f35db8f4737b9b51755f845dbc9eafd80d1a9946dab16d4e4c7fac5  <- genuinely divergent
Gate signing key_id     : gate-signed-cross-host-001  (resolved via ELYON_SIGNING_KEY_* env)
Gate public key (pinned out-of-band, b64): i1oRa2JU0nZlwwKvkYe99lCGLiBSXWpBQCSI1FpYPag=
Publisher (authentic)   : http://127.0.0.1:50347/published_hashes.json
Publisher (tampered)    : http://127.0.0.1:50348/published_hashes.json
--------------------------------------------------------------------------
[PASS] signed valid, authentic record (DIVERGENT target disk)
       honored=True reason=REASSERTED_AND_BOUND
       (VL-038 local-disk verify on this divergent tree would have returned: REF_VERIFY_REASSERT_RE_EVALUATE_REQUIRED)
[PASS] keyless forge (no signature), authentic record
       honored=False reason=REF_VERIFY_SIGNATURE_INVALID
       (VL-038 local-disk verify on this divergent tree would have returned: REF_VERIFY_SIGNATURE_INVALID)
[PASS] tampered signed envelope, authentic record
       honored=False reason=REF_VERIFY_SIGNATURE_INVALID
       (VL-038 local-disk verify on this divergent tree would have returned: REF_VERIFY_SIGNATURE_INVALID)
[PASS] signed valid, tampered record (fails pinned anchor)
       honored=False reason=REF_TARGET_ANCHOR_MISMATCH
[PASS] no envelope (A1), authentic record
       honored=False reason=REF_VERIFY_ENVELOPE_ABSENT
--------------------------------------------------------------------------
KILLER PROPERTY (signed-honor-despite-divergent-disk + local-disk-would-refuse): HOLDS
==========================================================================
RESULT: ALL INVARIANTS HOLD
